// Jest Snapshot v1, https://goo.gl/fbAQLP

exports[`Premier League renders correctly 1`] = `
<DocumentFragment>
  <div
    class="App"
  >
    <h1
      class="App__header"
    >
      Premier League
    </h1>
    <div
      class="MatchInfo"
    >
      <h2
        class="MatchInfo__home-team"
      />
      <h2
        class="MatchInfo__away-team"
      />
    </div>
  </div>
</DocumentFragment>
`;
